// Jest Snapshot v1, https://goo.gl/fbAQLP

exports[`App component tests snapshot renders without errors 1`] = `
<div
  className="App"
>
  <h1>
    Welcome to The Smiths Player
  </h1>
</div>
`;
